The ``matrix_divided test`` module
======================

Import ``matrix_divided`` from the ``2-matrix_divided`` module:
>>> matrix_divided = __import__('2-matrix_divided').matrix_divided
>>> matrix_divided([[10, 10, 20], [10, 10, 20]], 2)
[[5.0, 5.0, 10.0], [5.0, 5.0, 10.0]]
>>> matrix_divided([[0.0, 0.0, 0.0], [0.0, 0.0, 0.0]], 2)
[[0.0, 0.0, 0.0], [0.0, 0.0, 0.0]]
>>> matrix_divided(2)
Traceback (most recent call last):
...
TypeError: div must be a number
>>> matrix_divided()
Traceback (most recent call last):
...
TypeError: div must be a number
>>> matrix_divided([[2, 2, 20], [2.0, 2.0, 2.0]], "strrr")
Traceback (most recent call last):
...
TypeError: div must be a number
>>> matrix_divided([[2, 2, 20], [2.0, 2.0, 2.0]], 2)
[[1.0, 1.0, 10.0], [1.0, 1.0, 1.0]]
>>> matrix_divided([[2, 2, 20], [2.0, 2.0, 2.0]], 0)
Traceback (most recent call last):
...
ZeroDivisionError: division by zero
>>> matrix_divided([[2, 2], [2.0, 2.0, 2.0]], 2)
Traceback (most recent call last):
...
TypeError: Each row of the matrix must have the same size
>>> matrix_divided([[2, 2, "hello"], [2.0, 2.0, 2.0]], 2)
Traceback (most recent call last):
...
TypeError: matrix must be a matrix (list of lists) of integers/floats
